c:\users\em18736\documents\digsilent projects\tcp multi controller\tcp_cpp_code\debug\digexfun.bsc
c:\users\em18736\documents\digsilent projects\tcp multi controller\tcp_cpp_code\debug\vc143.pdb
c:\users\em18736\documents\digsilent projects\tcp multi controller\tcp_cpp_code\digexfun\x64\debug\digexfun.sbr
c:\users\em18736\documents\digsilent projects\tcp multi controller\tcp_cpp_code\digexfun\x64\debug\userfun.sbr
c:\users\em18736\documents\digsilent projects\tcp multi controller\tcp_cpp_code\debug\userfun.obj
c:\users\em18736\documents\digsilent projects\tcp multi controller\tcp_cpp_code\debug\digexfun.obj
c:\users\em18736\documents\digsilent projects\tcp multi controller\digexfun.dll
c:\users\em18736\documents\digsilent projects\tcp multi controller\tcp_cpp_code\x64\debug\digexfun.pdb
c:\users\em18736\documents\digsilent projects\tcp multi controller\tcp_cpp_code\debug\digexfun.lib
c:\users\em18736\documents\digsilent projects\tcp multi controller\tcp_cpp_code\debug\digexfun.exp
c:\users\em18736\documents\digsilent projects\tcp multi controller\tcp_cpp_code\digexfun\x64\debug\digexfun.tlog\bscmake.command.1.tlog
c:\users\em18736\documents\digsilent projects\tcp multi controller\tcp_cpp_code\digexfun\x64\debug\digexfun.tlog\bscmake.read.1.tlog
c:\users\em18736\documents\digsilent projects\tcp multi controller\tcp_cpp_code\digexfun\x64\debug\digexfun.tlog\bscmake.write.1.tlog
c:\users\em18736\documents\digsilent projects\tcp multi controller\tcp_cpp_code\digexfun\x64\debug\digexfun.tlog\cl.command.1.tlog
c:\users\em18736\documents\digsilent projects\tcp multi controller\tcp_cpp_code\digexfun\x64\debug\digexfun.tlog\cl.items.tlog
c:\users\em18736\documents\digsilent projects\tcp multi controller\tcp_cpp_code\digexfun\x64\debug\digexfun.tlog\cl.read.1.tlog
c:\users\em18736\documents\digsilent projects\tcp multi controller\tcp_cpp_code\digexfun\x64\debug\digexfun.tlog\cl.write.1.tlog
c:\users\em18736\documents\digsilent projects\tcp multi controller\tcp_cpp_code\digexfun\x64\debug\digexfun.tlog\link.command.1.tlog
c:\users\em18736\documents\digsilent projects\tcp multi controller\tcp_cpp_code\digexfun\x64\debug\digexfun.tlog\link.read.1.tlog
c:\users\em18736\documents\digsilent projects\tcp multi controller\tcp_cpp_code\digexfun\x64\debug\digexfun.tlog\link.secondary.1.tlog
c:\users\em18736\documents\digsilent projects\tcp multi controller\tcp_cpp_code\digexfun\x64\debug\digexfun.tlog\link.write.1.tlog
